[0.123s] colcon DEBUG Command line arguments: ['/usr/bin/colcon', 'list', '-p', '--base-paths', '/home/segalle/ros2_ws/src/utbots_manipulation', '--log-base', '/dev/null']
[0.123s] colcon DEBUG Parsed command line arguments: Namespace(log_base=None, log_level=None, verb_name='list', build_base='build', ignore_user_meta=False, metas=['./colcon.meta'], base_paths=['/home/segalle/ros2_ws/src/utbots_manipulation', '--log-base', '/dev/null'], packages_ignore=None, packages_ignore_regex=None, paths=None, packages_up_to=None, packages_up_to_regex=None, packages_above=None, packages_above_and_dependencies=None, packages_above_depth=None, packages_select_by_dep=None, packages_skip_by_dep=None, packages_skip_up_to=None, packages_select_build_failed=False, packages_skip_build_finished=False, packages_select_test_failures=False, packages_skip_test_passed=False, packages_select=None, packages_skip=None, packages_select_regex=None, packages_skip_regex=None, packages_start=None, packages_end=None, allow_overriding=[], topological_order=False, names_only=False, paths_only=True, topological_graph=False, topological_graph_dot=False, topological_graph_density=False, topological_graph_legend=False, topological_graph_dot_cluster=False, topological_graph_dot_include_skipped=False, mixin_files=None, mixin=None, verb_parser=<colcon_mixin.mixin.mixin_argument.MixinArgumentDecorator object at 0x7909bc708eb0>, verb_extension=<colcon_package_information.verb.list.ListVerb object at 0x7909bc6d79a0>, main=<bound method ListVerb.main of <colcon_package_information.verb.list.ListVerb object at 0x7909bc6d79a0>>, mixin_verb=('list',))
[0.285s] colcon.colcon_core.package_discovery Level 1 discover_packages(colcon_meta) check parameters
[0.285s] colcon.colcon_core.package_discovery Level 1 discover_packages(recursive) check parameters
[0.285s] colcon.colcon_core.package_discovery Level 1 discover_packages(ignore) check parameters
[0.285s] colcon.colcon_core.package_discovery Level 1 discover_packages(path) check parameters
[0.285s] colcon.colcon_core.package_discovery Level 1 discover_packages(recursive) discover
[0.285s] colcon.colcon_core.package_discovery INFO Crawling recursively for packages in '/home/segalle/ros2_ws/src/utbots_manipulation', '/home/segalle/ros2_ws/src/utbots_manipulation/--log-base', '/dev/null'
[0.285s] colcon.colcon_core.package_identification Level 1 _identify(/home/segalle/ros2_ws/src/utbots_manipulation) by extensions ['ignore', 'ignore_ament_install']
[0.285s] colcon.colcon_core.package_identification Level 1 _identify(/home/segalle/ros2_ws/src/utbots_manipulation) by extension 'ignore'
[0.285s] colcon.colcon_core.package_identification Level 1 _identify(/home/segalle/ros2_ws/src/utbots_manipulation) by extension 'ignore_ament_install'
[0.286s] colcon.colcon_core.package_identification Level 1 _identify(/home/segalle/ros2_ws/src/utbots_manipulation) by extensions ['colcon_pkg']
[0.286s] colcon.colcon_core.package_identification Level 1 _identify(/home/segalle/ros2_ws/src/utbots_manipulation) by extension 'colcon_pkg'
[0.286s] colcon.colcon_core.package_identification Level 1 _identify(/home/segalle/ros2_ws/src/utbots_manipulation) by extensions ['colcon_meta']
[0.286s] colcon.colcon_core.package_identification Level 1 _identify(/home/segalle/ros2_ws/src/utbots_manipulation) by extension 'colcon_meta'
[0.286s] colcon.colcon_core.package_identification Level 1 _identify(/home/segalle/ros2_ws/src/utbots_manipulation) by extensions ['ros']
[0.286s] colcon.colcon_core.package_identification Level 1 _identify(/home/segalle/ros2_ws/src/utbots_manipulation) by extension 'ros'
[0.303s] colcon.colcon_core.package_identification Level 1 _identify(/home/segalle/ros2_ws/src/utbots_manipulation) by extensions ['cmake', 'python']
[0.303s] colcon.colcon_core.package_identification Level 1 _identify(/home/segalle/ros2_ws/src/utbots_manipulation) by extension 'cmake'
[0.303s] colcon.colcon_core.package_identification Level 1 _identify(/home/segalle/ros2_ws/src/utbots_manipulation) by extension 'python'
[0.303s] colcon.colcon_core.package_identification Level 1 _identify(/home/segalle/ros2_ws/src/utbots_manipulation) by extensions ['python_setup_py']
[0.303s] colcon.colcon_core.package_identification Level 1 _identify(/home/segalle/ros2_ws/src/utbots_manipulation) by extension 'python_setup_py'
[0.303s] colcon.colcon_core.package_identification Level 1 _identify(/home/segalle/ros2_ws/src/utbots_manipulation/log) by extensions ['ignore', 'ignore_ament_install']
[0.303s] colcon.colcon_core.package_identification Level 1 _identify(/home/segalle/ros2_ws/src/utbots_manipulation/log) by extension 'ignore'
[0.303s] colcon.colcon_core.package_identification Level 1 _identify(/home/segalle/ros2_ws/src/utbots_manipulation/log) ignored
[0.303s] colcon.colcon_core.package_identification Level 1 _identify(/home/segalle/ros2_ws/src/utbots_manipulation/theseus_controller) by extensions ['ignore', 'ignore_ament_install']
[0.303s] colcon.colcon_core.package_identification Level 1 _identify(/home/segalle/ros2_ws/src/utbots_manipulation/theseus_controller) by extension 'ignore'
[0.303s] colcon.colcon_core.package_identification Level 1 _identify(/home/segalle/ros2_ws/src/utbots_manipulation/theseus_controller) by extension 'ignore_ament_install'
[0.303s] colcon.colcon_core.package_identification Level 1 _identify(/home/segalle/ros2_ws/src/utbots_manipulation/theseus_controller) by extensions ['colcon_pkg']
[0.303s] colcon.colcon_core.package_identification Level 1 _identify(/home/segalle/ros2_ws/src/utbots_manipulation/theseus_controller) by extension 'colcon_pkg'
[0.303s] colcon.colcon_core.package_identification Level 1 _identify(/home/segalle/ros2_ws/src/utbots_manipulation/theseus_controller) by extensions ['colcon_meta']
[0.303s] colcon.colcon_core.package_identification Level 1 _identify(/home/segalle/ros2_ws/src/utbots_manipulation/theseus_controller) by extension 'colcon_meta'
[0.303s] colcon.colcon_core.package_identification Level 1 _identify(/home/segalle/ros2_ws/src/utbots_manipulation/theseus_controller) by extensions ['ros']
[0.303s] colcon.colcon_core.package_identification Level 1 _identify(/home/segalle/ros2_ws/src/utbots_manipulation/theseus_controller) by extension 'ros'
[0.306s] colcon.colcon_core.package_identification DEBUG Package '/home/segalle/ros2_ws/src/utbots_manipulation/theseus_controller' with type 'ros.ament_cmake' and name 'theseus_controller'
[0.306s] colcon.colcon_core.package_identification Level 1 _identify(/home/segalle/ros2_ws/src/utbots_manipulation/theseus_description) by extensions ['ignore', 'ignore_ament_install']
[0.306s] colcon.colcon_core.package_identification Level 1 _identify(/home/segalle/ros2_ws/src/utbots_manipulation/theseus_description) by extension 'ignore'
[0.306s] colcon.colcon_core.package_identification Level 1 _identify(/home/segalle/ros2_ws/src/utbots_manipulation/theseus_description) by extension 'ignore_ament_install'
[0.306s] colcon.colcon_core.package_identification Level 1 _identify(/home/segalle/ros2_ws/src/utbots_manipulation/theseus_description) by extensions ['colcon_pkg']
[0.306s] colcon.colcon_core.package_identification Level 1 _identify(/home/segalle/ros2_ws/src/utbots_manipulation/theseus_description) by extension 'colcon_pkg'
[0.306s] colcon.colcon_core.package_identification Level 1 _identify(/home/segalle/ros2_ws/src/utbots_manipulation/theseus_description) by extensions ['colcon_meta']
[0.306s] colcon.colcon_core.package_identification Level 1 _identify(/home/segalle/ros2_ws/src/utbots_manipulation/theseus_description) by extension 'colcon_meta'
[0.307s] colcon.colcon_core.package_identification Level 1 _identify(/home/segalle/ros2_ws/src/utbots_manipulation/theseus_description) by extensions ['ros']
[0.307s] colcon.colcon_core.package_identification Level 1 _identify(/home/segalle/ros2_ws/src/utbots_manipulation/theseus_description) by extension 'ros'
[0.308s] colcon.colcon_core.package_identification DEBUG Package '/home/segalle/ros2_ws/src/utbots_manipulation/theseus_description' with type 'ros.ament_cmake' and name 'theseus_description'
[0.308s] colcon.colcon_core.package_identification Level 1 _identify(/home/segalle/ros2_ws/src/utbots_manipulation/theseus_firmware) by extensions ['ignore', 'ignore_ament_install']
[0.309s] colcon.colcon_core.package_identification Level 1 _identify(/home/segalle/ros2_ws/src/utbots_manipulation/theseus_firmware) by extension 'ignore'
[0.309s] colcon.colcon_core.package_identification Level 1 _identify(/home/segalle/ros2_ws/src/utbots_manipulation/theseus_firmware) by extension 'ignore_ament_install'
[0.309s] colcon.colcon_core.package_identification Level 1 _identify(/home/segalle/ros2_ws/src/utbots_manipulation/theseus_firmware) by extensions ['colcon_pkg']
[0.309s] colcon.colcon_core.package_identification Level 1 _identify(/home/segalle/ros2_ws/src/utbots_manipulation/theseus_firmware) by extension 'colcon_pkg'
[0.309s] colcon.colcon_core.package_identification Level 1 _identify(/home/segalle/ros2_ws/src/utbots_manipulation/theseus_firmware) by extensions ['colcon_meta']
[0.309s] colcon.colcon_core.package_identification Level 1 _identify(/home/segalle/ros2_ws/src/utbots_manipulation/theseus_firmware) by extension 'colcon_meta'
[0.309s] colcon.colcon_core.package_identification Level 1 _identify(/home/segalle/ros2_ws/src/utbots_manipulation/theseus_firmware) by extensions ['ros']
[0.309s] colcon.colcon_core.package_identification Level 1 _identify(/home/segalle/ros2_ws/src/utbots_manipulation/theseus_firmware) by extension 'ros'
[0.309s] colcon.colcon_core.package_identification DEBUG Package '/home/segalle/ros2_ws/src/utbots_manipulation/theseus_firmware' with type 'ros.ament_cmake' and name 'theseus_firmware'
[0.309s] colcon.colcon_core.package_identification Level 1 _identify(/home/segalle/ros2_ws/src/utbots_manipulation/theseus_moveit) by extensions ['ignore', 'ignore_ament_install']
[0.309s] colcon.colcon_core.package_identification Level 1 _identify(/home/segalle/ros2_ws/src/utbots_manipulation/theseus_moveit) by extension 'ignore'
[0.309s] colcon.colcon_core.package_identification Level 1 _identify(/home/segalle/ros2_ws/src/utbots_manipulation/theseus_moveit) by extension 'ignore_ament_install'
[0.309s] colcon.colcon_core.package_identification Level 1 _identify(/home/segalle/ros2_ws/src/utbots_manipulation/theseus_moveit) by extensions ['colcon_pkg']
[0.310s] colcon.colcon_core.package_identification Level 1 _identify(/home/segalle/ros2_ws/src/utbots_manipulation/theseus_moveit) by extension 'colcon_pkg'
[0.310s] colcon.colcon_core.package_identification Level 1 _identify(/home/segalle/ros2_ws/src/utbots_manipulation/theseus_moveit) by extensions ['colcon_meta']
[0.310s] colcon.colcon_core.package_identification Level 1 _identify(/home/segalle/ros2_ws/src/utbots_manipulation/theseus_moveit) by extension 'colcon_meta'
[0.310s] colcon.colcon_core.package_identification Level 1 _identify(/home/segalle/ros2_ws/src/utbots_manipulation/theseus_moveit) by extensions ['ros']
[0.310s] colcon.colcon_core.package_identification Level 1 _identify(/home/segalle/ros2_ws/src/utbots_manipulation/theseus_moveit) by extension 'ros'
[0.310s] colcon.colcon_core.package_identification DEBUG Package '/home/segalle/ros2_ws/src/utbots_manipulation/theseus_moveit' with type 'ros.ament_cmake' and name 'theseus_moveit'
[0.310s] colcon.colcon_core.package_discovery Level 1 discover_packages(recursive) using defaults
